#
# A fatal error has been detected by the Java Runtime Environment:
#
#  SIGSEGV (0xb) at pc=0x00007f1ac37c375a, pid=3943, tid=3952
#
# JRE version: OpenJDK Runtime Environment Temurin-21.0.9+10 (21.0.9+10) (build 21.0.9+10-LTS)
# Java VM: OpenJDK 64-Bit Server VM Temurin-21.0.9+10 (21.0.9+10-LTS, mixed mode, sharing, tiered, compressed oops, compressed class ptrs, serial gc, linux-amd64)
# Problematic frame:
# V  [libjvm.so+0x5c375a]  PhaseChaitin::gather_lrg_masks(bool) [clone .constprop.1]+0xba
#
# No core dump will be written. Core dumps have been disabled. To enable core dumping, try "ulimit -c unlimited" before starting Java again
#
# If you would like to submit a bug report, please visit:
#   https://github.com/adoptium/adoptium-support/issues
#

---------------  S U M M A R Y ------------

Command Line: -Dsonarlint.monitoring.enabled=true /home/user/.vscode/extensions/sonarsource.sonarlint-vscode-4.40.0-linux-x64/server/sonarlint-ls.jar -stdio -analyzers /home/user/.vscode/extensions/sonarsource.sonarlint-vscode-4.40.0-linux-x64/analyzers/sonargo.jar /home/user/.vscode/extensions/sonarsource.sonarlint-vscode-4.40.0-linux-x64/analyzers/sonarjava.jar /home/user/.vscode/extensions/sonarsource.sonarlint-vscode-4.40.0-linux-x64/analyzers/sonarjavasymbolicexecution.jar /home/user/.vscode/extensions/sonarsource.sonarlint-vscode-4.40.0-linux-x64/analyzers/sonarjs.jar /home/user/.vscode/extensions/sonarsource.sonarlint-vscode-4.40.0-linux-x64/analyzers/sonarphp.jar /home/user/.vscode/extensions/sonarsource.sonarlint-vscode-4.40.0-linux-x64/analyzers/sonarpython.jar /home/user/.vscode/extensions/sonarsource.sonarlint-vscode-4.40.0-linux-x64/analyzers/sonarhtml.jar /home/user/.vscode/extensions/sonarsource.sonarlint-vscode-4.40.0-linux-x64/analyzers/sonarxml.jar /home/user/.vscode/extensions/sonarsource.sonarlint-vscode-4.40.0-linux-x64/analyzers/sonartext.jar /home/user/.vscode/extensions/sonarsource.sonarlint-vscode-4.40.0-linux-x64/analyzers/sonariac.jar /home/user/.vscode/extensions/sonarsource.sonarlint-vscode-4.40.0-linux-x64/analyzers/sonarlintomnisharp.jar /home/user/.vscode/extensions/sonarsource.sonarlint_ondemand-analyzers/sonar-cfamily-plugin/6.77.0.95488/sonarcfamily.jar

Host: 11th Gen Intel(R) Core(TM) i5-1135G7 @ 2.40GHz, 1 cores, 4G, Debian GNU/Linux 13 (trixie)
Time: Sun Jan 25 14:44:07 2026 CET elapsed time: 1.773721 seconds (0d 0h 0m 1s)

---------------  T H R E A D  ---------------

Current thread (0x00007f1abc07b3f0):  JavaThread "C2 CompilerThread0" daemon [_thread_in_native, id=3952, stack(0x00007f1ac1dfb000,0x00007f1ac1efb000) (1024K)]


Current CompileTask:
C2:1773 1632       4       java.lang.invoke.MethodType::methodType (69 bytes)

Stack: [0x00007f1ac1dfb000,0x00007f1ac1efb000],  sp=0x00007f1ac1ef7140,  free space=1008k
Native frames: (J=compiled Java code, j=interpreted, Vv=VM code, C=native code)
V  [libjvm.so+0x5c375a]  PhaseChaitin::gather_lrg_masks(bool) [clone .constprop.1]+0xba
V  [libjvm.so+0x5c8a51]  PhaseChaitin::Register_Allocate()+0x3c1
V  [libjvm.so+0x6710d6]  Compile::Code_Gen()+0x326
V  [libjvm.so+0x67524d]  Compile::Compile(ciEnv*, ciMethod*, int, Options, DirectiveSet*)+0x151d
V  [libjvm.so+0x59abbb]  C2Compiler::compile_method(ciEnv*, ciMethod*, int, bool, DirectiveSet*)+0x18b
V  [libjvm.so+0x67b0fe]  CompileBroker::invoke_compiler_on_method(CompileTask*)+0xc9e
V  [libjvm.so+0x67e438]  CompileBroker::compiler_thread_loop()+0x738
V  [libjvm.so+0x92e9b8]  JavaThread::thread_main_inner()+0x1d8
V  [libjvm.so+0xf84328]  Thread::call_run()+0xa8
V  [libjvm.so+0xd0d8ea]  thread_native_entry(Thread*)+0xda

siginfo: si_signo: 11 (SIGSEGV), si_code: 1 (SEGV_MAPERR), si_addr: 0x0000562a000033d8

Registers:
RAX=0x000000000000000a, RBX=0x0000562ad9c7ece0, RCX=0x0000562ad9c35b70, RDX=0x00007f1a442cbfb0
RSP=0x00007f1ac1ef7140, RBP=0x00007f1ac1ef71b0, RSI=0x0000562ad9c7ed18, RDI=0x0000562ad977ddb0
R8 =0x0000000000000000, R9 =0x0000000000000001, R10=0x0000000000000000, R11=0x0101010101010101
R12=0x0000562a000033ac, R13=0x0000000000000008, R14=0x0000000000000001, R15=0x00007f1ac1ef75b0
RIP=0x00007f1ac37c375a, EFLAGS=0x0000000000010212, CSGSFS=0x002b000000000033, ERR=0x0000000000000004
  TRAPNO=0x000000000000000e

XMM[0]=0x0000000000000000 0x3f9f0ab40bf6f924
XMM[1]=0x0000000000000000 0x3f9f0ab40d0206d8
XMM[2]=0x0000000000000000 0x0000000000000000
XMM[3]=0x510131511e25541e 0x254c2167fa03ffff
XMM[4]=0x0000000000000000 0x00007f1ac4a14b20
XMM[5]=0x0000562ad907f7e0 0x0000562ad907f7d0
XMM[6]=0x0000562ad973eb00 0x0000562ad907f7e0
XMM[7]=0x0000562ad95906c0 0x0000562ad9590820
XMM[8]=0x0000562ad9823a20 0x0000562ad9823ce0
XMM[9]=0x0000562ad928f5b0 0x0000562ad928f550
XMM[10]=0x0000562ad928ef50 0x0000562ad928f010
XMM[11]=0x0000562ad928efb0 0x0000562ad928f070
XMM[12]=0x0000562ad928eef0 0x0000562ad928ee90
XMM[13]=0x0000000000000000 0x0000562ad928f370
XMM[14]=0x0000000000000000 0x0000562ad928f430
XMM[15]=0x0000000000000000 0x0000562ad928f4f0
  MXCSR=0x00001fa2


Register to memory mapping:

RAX=0x000000000000000a is an unknown value
RBX=0x0000562ad9c7ece0 points into unknown readable memory: 0x0000000000000000 | 00 00 00 00 00 00 00 00
RCX=0x0000562ad9c35b70 points into unknown readable memory: 0x0000000000000000 | 00 00 00 00 00 00 00 00
RDX=0x00007f1a442cbfb0 points into unknown readable memory: 0x0000562ad977df88 | 88 df 77 d9 2a 56 00 00
RSP=0x00007f1ac1ef7140 is pointing into the stack for thread: 0x00007f1abc07b3f0
RBP=0x00007f1ac1ef71b0 is pointing into the stack for thread: 0x00007f1abc07b3f0
RSI=0x0000562ad9c7ed18 points into unknown readable memory: 0x000000000ffffcff | ff fc ff 0f 00 00 00 00
RDI=0x0000562ad977ddb0 points into unknown readable memory: 0x00007f1ac4653928 | 28 39 65 c4 1a 7f 00 00
R8 =0x0 is null
R9 =0x0000000000000001 is an unknown value
R10=0x0 is null
R11=0x0101010101010101 is an unknown value
R12=0x0000562a000033ac is an unknown value
R13=0x0000000000000008 is an unknown value
R14=0x0000000000000001 is an unknown value
R15=0x00007f1ac1ef75b0 is pointing into the stack for thread: 0x00007f1abc07b3f0

Top of Stack: (sp=0x00007f1ac1ef7140)
0x00007f1ac1ef7140:   0000000000000a3b 000003ce0006b6b8
0x00007f1ac1ef7150:   000000000000000a 0000562ad9c7ed18
0x00007f1ac1ef7160:   0000562ad928ee30 0000562a00000004
0x00007f1ac1ef7170:   0000000000000001 0000562ad971f300
0x00007f1ac1ef7180:   00007f1ac1ef7510 00007f1ac1ef75b0
0x00007f1ac1ef7190:   00007f1ac1ef7270 00007f1ac1ef73a0
0x00007f1ac1ef71a0:   0000562ad907f7d0 00007f1ac1ef7340
0x00007f1ac1ef71b0:   00007f1ac1ef7490 00007f1ac37c8a51
0x00007f1ac1ef71c0:   0000000000000000 0000000000000000
0x00007f1ac1ef71d0:   00000000000003d8 0000562ad907fbb8
0x00007f1ac1ef71e0:   00007f1ac1ef7240 00007f1ac1ef72a0
0x00007f1ac1ef71f0:   00007f1ac0ef6020 0000562ad907f7e0
0x00007f1ac1ef7200:   0000562ad907f7d0 0000562ad907f7e0
0x00007f1ac1ef7210:   00007f1ac1ef7270 0000562ad907f7d0
0x00007f1ac1ef7220:   0000562ad907f7e0 0000562ad907fbb8
0x00007f1ac1ef7230:   00000000000003d8 0000000000007ae0
0x00007f1ac1ef7240:   0000000000000007 0000562ad907e400
0x00007f1ac1ef7250:   0000562ad907e400 0000562ad907e410
0x00007f1ac1ef7260:   0000562ad907e7e8 00000000000003d8
0x00007f1ac1ef7270:   00007f1ac1ef7307 0000562ad907f7d0
0x00007f1ac1ef7280:   0000562ad9c35b60 0000562ad9ca1228
0x00007f1ac1ef7290:   0000562ad9ca1228 00000000000d1f70
0x00007f1ac1ef72a0:   00007f1a0000000c 00007f1ac1ef8ae0
0x00007f1ac1ef72b0:   0000562ad99f77c0 00007f1ac3f01300
0x00007f1ac1ef72c0:   0000562ad9c35b70 0000000000000a3b
0x00007f1ac1ef72d0:   00007f1ac1ef7270 0000562ad907f7e0
0x00007f1ac1ef72e0:   0000000000008530 00007f1ac1ef7310
0x00007f1ac1ef72f0:   00007f1ac1ef7360 00007f1ac3644eeb
0x00007f1ac1ef7300:   0000562ad9395820 0000000000000002
0x00007f1ac1ef7310:   00007f1abc079890 00007f1ac1ef7510
0x00007f1ac1ef7320:   00000000deadbeef 00007f1ac1ef79f0
0x00007f1ac1ef7330:   0000562ad9655710 00007f1abc079890 

Instructions: (pc=0x00007f1ac37c375a)
0x00007f1ac37c365a:   02 e9 7b fc ff ff 48 83 c4 48 5b 41 5c 41 5d 41
0x00007f1ac37c366a:   5e 41 5f 5d c3 0f b7 f0 48 8d 7b 38 e8 a5 11 7e
0x00007f1ac37c367a:   00 e9 71 fb ff ff 48 8d 05 e9 38 f3 00 be f8 03
0x00007f1ac37c368a:   00 00 48 8d 3d cd a3 b9 00 48 8b 00 c6 00 58 e8
0x00007f1ac37c369a:   22 b6 0f 00 66 90 55 48 89 e5 41 57 49 89 ff 41
0x00007f1ac37c36aa:   56 41 55 41 54 53 48 83 ec 48 48 8b 47 48 48 8b
0x00007f1ac37c36ba:   4f 70 c7 45 9c 00 00 00 00 f2 0f 10 05 e5 10 c0
0x00007f1ac37c36ca:   00 48 8b 40 10 48 8b 40 08 48 8b 40 08 48 8b 40
0x00007f1ac37c36da:   08 48 8b 40 18 48 63 50 28 48 8b 87 08 01 00 00
0x00007f1ac37c36ea:   8b 04 90 48 8d 14 80 48 8d 14 90 48 8b 41 20 48
0x00007f1ac37c36fa:   8d 04 d0 f2 0f 58 00 f2 0f 11 00 48 8b 57 48 8b
0x00007f1ac37c370a:   4a 40 85 c9 0f 84 36 03 00 00 8b 45 9c 48 8b 72
0x00007f1ac37c371a:   30 48 8b 04 c6 83 78 28 01 48 89 45 c8 0f 86 0e
0x00007f1ac37c372a:   03 00 00 c7 45 a0 01 00 00 00 0f 1f 40 00 48 8b
0x00007f1ac37c373a:   55 c8 8b 45 a0 39 42 18 0f 86 e4 13 ce ff 48 8b
0x00007f1ac37c374a:   52 20 c6 45 a7 00 41 be 01 00 00 00 4c 8b 24 c2
0x00007f1ac37c375a:   41 8b 44 24 2c 83 e0 03 83 f8 02 75 14 49 8b 04
0x00007f1ac37c376a:   24 4c 89 e7 ff 90 c8 00 00 00 c6 45 a7 01 41 89
0x00007f1ac37c377a:   c6 49 63 4c 24 28 49 8b 87 08 01 00 00 8b 04 88
0x00007f1ac37c378a:   49 8b 4f 70 48 8b 49 20 85 c0 0f 85 d6 03 00 00
0x00007f1ac37c379a:   41 8b 44 24 18 45 89 f1 4e 8d 2c cd 00 00 00 00
0x00007f1ac37c37aa:   89 45 c0 44 39 f0 0f 86 6a 02 00 00 4c 89 e8 45
0x00007f1ac37c37ba:   89 f5 4d 89 e6 49 89 c4 e9 c0 00 00 00 66 0f 1f
0x00007f1ac37c37ca:   84 00 00 00 00 00 48 8d 43 38 4c 89 5d b0 48 89
0x00007f1ac37c37da:   45 a8 48 8b 07 ff 50 70 89 c7 89 45 b8 e8 14 04
0x00007f1ac37c37ea:   7e 00 8b 75 b8 48 8d 7b 38 88 45 c4 e8 15 15 7e
0x00007f1ac37c37fa:   00 0f b6 4d c4 4c 8b 5d b0 84 c0 74 07 80 8b a6
0x00007f1ac37c380a:   00 00 00 80 84 c9 75 4e 66 83 bb 9c 00 00 00 02
0x00007f1ac37c381a:   0f 84 d0 02 00 00 41 8b 46 2c 83 e0 1f 83 f8 12
0x00007f1ac37c382a:   74 34 48 8b 43 18 48 8d 48 ff 48 83 f9 fd 77 0b
0x00007f1ac37c383a:   8b 40 2c 83 e0 1f 83 f8 12 74 1b 48 8b 7d a8 e8
0x00007f1ac37c384a:   d2 05 7e 00 84 c0 0f 85 ca 02 00 00 66 2e 0f 1f 


Stack slot to memory mapping:

stack at sp + 0 slots: 0x0000000000000a3b is an unknown value
stack at sp + 1 slots: 0x000003ce0006b6b8 is an unknown value
stack at sp + 2 slots: 0x000000000000000a is an unknown value
stack at sp + 3 slots: 0x0000562ad9c7ed18 points into unknown readable memory: 0x000000000ffffcff | ff fc ff 0f 00 00 00 00
stack at sp + 4 slots: 0x0000562ad928ee30 points into unknown readable memory: 0x000300030ffffcff | ff fc ff 0f 03 00 03 00
stack at sp + 5 slots: 0x0000562a00000004 is an unknown value
stack at sp + 6 slots: 0x0000000000000001 is an unknown value
stack at sp + 7 slots: 0x0000562ad971f300 points into unknown readable memory: 0x00007f1ac461e7d0 | d0 e7 61 c4 1a 7f 00 00


---------------  P R O C E S S  ---------------

Threads class SMR info:
_java_thread_list=0x00007f1a54001730, length=19, elements={
0x00007f1abc02c160, 0x00007f1abc074110, 0x00007f1abc075640, 0x00007f1abc076d90,
0x00007f1abc078390, 0x00007f1abc0798f0, 0x00007f1abc07b3f0, 0x00007f1abc07ca70,
0x00007f1abc0884e0, 0x00007f1abc08aba0, 0x00007f1abc35f1b0, 0x00007f1abc32c090,
0x00007f1abc393940, 0x00007f1abc398000, 0x00007f1abc3a1b70, 0x00007f1abc39f910,
0x00007f1abc3c7200, 0x00007f1a442af810, 0x00007f1a54002510
}
_to_delete_list=0x00007f1a442b0fe0, length=18, elements={
0x00007f1abc02c160, 0x00007f1abc074110, 0x00007f1abc075640, 0x00007f1abc076d90,
0x00007f1abc078390, 0x00007f1abc0798f0, 0x00007f1abc07b3f0, 0x00007f1abc07ca70,
0x00007f1abc0884e0, 0x00007f1abc08aba0, 0x00007f1abc35f1b0, 0x00007f1abc32c090,
0x00007f1abc393940, 0x00007f1abc398000, 0x00007f1abc3a1b70, 0x00007f1abc39f910,
0x00007f1abc3c7200, 0x00007f1a442af810
}

Java Threads: ( => current thread )
  0x00007f1abc02c160 JavaThread "main"                              [_thread_blocked, id=3944, stack(0x00007f1ac3010000,0x00007f1ac3110000) (1024K)]
  0x00007f1abc074110 JavaThread "Reference Handler"          daemon [_thread_blocked, id=3947, stack(0x00007f1ac2300000,0x00007f1ac2400000) (1024K)]
  0x00007f1abc075640 JavaThread "Finalizer"                  daemon [_thread_blocked, id=3948, stack(0x00007f1ac21ff000,0x00007f1ac22ff000) (1024K)]
  0x00007f1abc076d90 JavaThread "Signal Dispatcher"          daemon [_thread_blocked, id=3949, stack(0x00007f1ac20fe000,0x00007f1ac21fe000) (1024K)]
  0x00007f1abc078390 JavaThread "Service Thread"             daemon [_thread_blocked, id=3950, stack(0x00007f1ac1ffd000,0x00007f1ac20fd000) (1024K)]
  0x00007f1abc0798f0 JavaThread "Monitor Deflation Thread"   daemon [_thread_blocked, id=3951, stack(0x00007f1ac1efc000,0x00007f1ac1ffc000) (1024K)]
=>0x00007f1abc07b3f0 JavaThread "C2 CompilerThread0"         daemon [_thread_in_native, id=3952, stack(0x00007f1ac1dfb000,0x00007f1ac1efb000) (1024K)]
  0x00007f1abc07ca70 JavaThread "C1 CompilerThread0"         daemon [_thread_blocked, id=3953, stack(0x00007f1ac1cfa000,0x00007f1ac1dfa000) (1024K)]
  0x00007f1abc0884e0 JavaThread "Notification Thread"        daemon [_thread_blocked, id=3954, stack(0x00007f1ac1bf9000,0x00007f1ac1cf9000) (1024K)]
  0x00007f1abc08aba0 JavaThread "Common-Cleaner"             daemon [_thread_blocked, id=3955, stack(0x00007f1ac1af8000,0x00007f1ac1bf8000) (1024K)]
  0x00007f1abc35f1b0 JavaThread "Server message writer"             [_thread_blocked, id=3956, stack(0x00007f1ac19f7000,0x00007f1ac1af7000) (1024K)]
  0x00007f1abc32c090 JavaThread "Server message writer"             [_thread_blocked, id=3957, stack(0x00007f1ac18f6000,0x00007f1ac19f6000) (1024K)]
  0x00007f1abc393940 JavaThread "Server message reader"             [_thread_blocked, id=3958, stack(0x00007f1ac17f5000,0x00007f1ac18f5000) (1024K)]
  0x00007f1abc398000 JavaThread "Client message writer"             [_thread_blocked, id=3959, stack(0x00007f1ac16f4000,0x00007f1ac17f4000) (1024K)]
  0x00007f1abc3a1b70 JavaThread "Client message writer"             [_thread_blocked, id=3960, stack(0x00007f1ac15f3000,0x00007f1ac16f3000) (1024K)]
  0x00007f1abc39f910 JavaThread "Client message reader"             [_thread_blocked, id=3961, stack(0x00007f1ac14f2000,0x00007f1ac15f2000) (1024K)]
  0x00007f1abc3c7200 JavaThread "SonarQube for VS Code LSP message processor"        [_thread_in_native, id=3962, stack(0x00007f1ac13f1000,0x00007f1ac14f1000) (1024K)]
  0x00007f1a442af810 JavaThread "Thread-6"                          [_thread_blocked, id=3963, stack(0x00007f1ac12f0000,0x00007f1ac13f0000) (1024K)]
  0x00007f1a54002510 JavaThread "SonarLint Server RPC sequential executor"        [_thread_in_vm, id=3964, stack(0x00007f1ac11ef000,0x00007f1ac12ef000) (1024K)]
Total: 19

Other Threads:
  0x00007f1abc06b040 VMThread "VM Thread"                           [id=3946, stack(0x00007f1ac2772000,0x00007f1ac2872000) (1024K)]
  0x00007f1abc05a1d0 WatcherThread "VM Periodic Task Thread"        [id=3945, stack(0x00007f1ac2873000,0x00007f1ac2973000) (1024K)]
Total: 2

Threads with active compile tasks:
C2 CompilerThread0  1779 1632       4       java.lang.invoke.MethodType::methodType (69 bytes)
Total: 1

VM state: not at safepoint (normal execution)

VM Mutex/Monitor currently owned by a thread:  ([mutex/lock_event])
[0x00007f1ac47553b8] MethodCompileQueue_lock - owner thread: 0x00007f1a54002510

Heap address: 0x00000000b4e00000, size: 1202 MB, Compressed Oops mode: 32-bit

CDS archive(s) mapped at: [0x00007f1a68000000-0x00007f1a68bbe000-0x00007f1a68bbe000), size 12312576, SharedBaseAddress: 0x00007f1a68000000, ArchiveRelocationMode: 1.
Compressed class space mapped at: 0x00007f1a69000000-0x00007f1aa9000000, reserved size: 1073741824
Narrow klass base: 0x00007f1a68000000, Narrow klass shift: 0, Narrow klass range: 0x100000000

GC Precious Log:
 CardTable entry size: 512
 CPUs: 1 total, 1 available
 Memory: 4800M
 Large Page Support: Disabled
 NUMA Support: Disabled
 Compressed Oops: Enabled (32-bit)
 Heap Min Capacity: 8M
 Heap Initial Capacity: 76M
 Heap Max Capacity: 1202M
 Pre-touch: Disabled

Heap:
 def new generation   total 23360K, used 13781K [0x00000000b4e00000, 0x00000000b6750000, 0x00000000cdea0000)
  eden space 20800K,  54% used [0x00000000b4e00000, 0x00000000b592be50, 0x00000000b6250000)
  from space 2560K,  91% used [0x00000000b6250000, 0x00000000b6499920, 0x00000000b64d0000)
  to   space 2560K,   0% used [0x00000000b64d0000, 0x00000000b64d0000, 0x00000000b6750000)
 tenured generation   total 51904K, used 5790K [0x00000000cdea0000, 0x00000000d1150000, 0x0000000100000000)
   the space 51904K,  11% used [0x00000000cdea0000, 0x00000000ce447a18, 0x00000000ce447c00, 0x00000000d1150000)
 Metaspace       used 14629K, committed 14848K, reserved 1114112K
  class space    used 1808K, committed 1920K, reserved 1048576K

Card table byte_map: [0x00007f1ac2be0000,0x00007f1ac2e3a000] _byte_map_base: 0x00007f1ac2639000

Polling page: 0x00007f1ac4a3c000

Metaspace:

Usage:
  Non-class:     12,52 MB used.
      Class:      1,77 MB used.
       Both:     14,29 MB used.

Virtual space:
  Non-class space:       64,00 MB reserved,      12,62 MB ( 20%) committed,  1 nodes.
      Class space:        1,00 GB reserved,       1,88 MB ( <1%) committed,  1 nodes.
             Both:        1,06 GB reserved,      14,50 MB (  1%) committed. 

Chunk freelists:
   Non-Class:  3,38 MB
       Class:  14,16 MB
        Both:  17,53 MB

MaxMetaspaceSize: unlimited
CompressedClassSpaceSize: 1,00 GB
Initial GC threshold: 21,00 MB
Current GC threshold: 21,00 MB
CDS: on
 - commit_granule_bytes: 65536.
 - commit_granule_words: 8192.
 - virtual_space_node_default_size: 8388608.
 - enlarge_chunks_in_place: 1.
 - use_allocation_guard: 0.


Internal statistics:

num_allocs_failed_limit: 0.
num_arena_births: 244.
num_arena_deaths: 0.
num_vsnodes_births: 2.
num_vsnodes_deaths: 0.
num_space_committed: 232.
num_space_uncommitted: 0.
num_chunks_returned_to_freelist: 0.
num_chunks_taken_from_freelist: 717.
num_chunk_merges: 0.
num_chunk_splits: 480.
num_chunks_enlarged: 368.
num_inconsistent_stats: 0.

CodeHeap 'non-profiled nmethods': size=120036Kb used=556Kb max_used=556Kb free=119479Kb
 bounds [0x00007f1ab18c7000, 0x00007f1ab1b37000, 0x00007f1ab8e00000]
CodeHeap 'profiled nmethods': size=120032Kb used=3175Kb max_used=3175Kb free=116856Kb
 bounds [0x00007f1aa9e00000, 0x00007f1aaa120000, 0x00007f1ab1338000]
CodeHeap 'non-nmethods': size=5692Kb used=1215Kb max_used=1227Kb free=4476Kb
 bounds [0x00007f1ab1338000, 0x00007f1ab15a8000, 0x00007f1ab18c7000]
CodeCache: size=245760Kb, used=4946Kb, max_used=4958Kb, free=240811Kb
 total_blobs=2216, nmethods=1723, adapters=401, full_count=0
Compilation: enabled, stopped_count=0, restarted_count=0

Compilation events (20 events):
Event: 1,759 Thread 0x00007f1abc07ca70 1718       3       java.lang.reflect.Proxy::getProxyConstructor (92 bytes)
Event: 1,760 Thread 0x00007f1abc07ca70 nmethod 1718 0x00007f1aaa110e10 code [0x00007f1aaa111100, 0x00007f1aaa112610]
Event: 1,760 Thread 0x00007f1abc07ca70 1713       3       jdk.internal.misc.VM::isModuleSystemInited (13 bytes)
Event: 1,760 Thread 0x00007f1abc07ca70 nmethod 1713 0x00007f1aaa112b90 code [0x00007f1aaa112d20, 0x00007f1aaa112e68]
Event: 1,760 Thread 0x00007f1abc07ca70 1711       3       sun.reflect.annotation.AnnotationParser::toArray (18 bytes)
Event: 1,760 Thread 0x00007f1abc07ca70 nmethod 1711 0x00007f1aaa112f10 code [0x00007f1aaa1130e0, 0x00007f1aaa113470]
Event: 1,760 Thread 0x00007f1abc07ca70 1714       3       jdk.internal.org.objectweb.asm.SymbolTable$Entry::<init> (18 bytes)
Event: 1,760 Thread 0x00007f1abc07ca70 nmethod 1714 0x00007f1aaa113590 code [0x00007f1aaa113740, 0x00007f1aaa1138c0]
Event: 1,760 Thread 0x00007f1abc07ca70 1720       1       org.springframework.core.type.StandardAnnotationMetadata::getAnnotations (5 bytes)
Event: 1,760 Thread 0x00007f1abc07ca70 nmethod 1720 0x00007f1ab1951890 code [0x00007f1ab1951a20, 0x00007f1ab1951ae0]
Event: 1,760 Thread 0x00007f1abc07ca70 1719       1       org.springframework.core.annotation.AnnotationTypeMapping::getAttributes (5 bytes)
Event: 1,760 Thread 0x00007f1abc07ca70 nmethod 1719 0x00007f1ab1951b90 code [0x00007f1ab1951d20, 0x00007f1ab1951de0]
Event: 1,761 Thread 0x00007f1abc07ca70 1721       3       java.lang.reflect.ProxyGenerator::addProxyMethod (190 bytes)
Event: 1,761 Thread 0x00007f1abc07ca70 nmethod 1721 0x00007f1aaa113990 code [0x00007f1aaa113ce0, 0x00007f1aaa115040]
Event: 1,763 Thread 0x00007f1abc07ca70 1722       3       java.util.RegularEnumSet::add (9 bytes)
Event: 1,763 Thread 0x00007f1abc07ca70 nmethod 1722 0x00007f1aaa115790 code [0x00007f1aaa115940, 0x00007f1aaa115b70]
Event: 1,763 Thread 0x00007f1abc07ca70 1723       3       java.util.EnumSet::typeCheck (59 bytes)
Event: 1,763 Thread 0x00007f1abc07ca70 nmethod 1723 0x00007f1aaa115c10 code [0x00007f1aaa115ea0, 0x00007f1aaa1168c8]
Event: 1,764 Thread 0x00007f1abc07ca70 1724       3       org.springframework.core.annotation.AttributeMethods::size (6 bytes)
Event: 1,764 Thread 0x00007f1abc07ca70 nmethod 1724 0x00007f1aaa116c90 code [0x00007f1aaa116e20, 0x00007f1aaa116f30]

GC Heap History (4 events):
Event: 0,590 GC heap before
{Heap before GC invocations=0 (full 0):
 def new generation   total 23360K, used 20800K [0x00000000b4e00000, 0x00000000b6750000, 0x00000000cdea0000)
  eden space 20800K, 100% used [0x00000000b4e00000, 0x00000000b6250000, 0x00000000b6250000)
  from space 2560K,   0% used [0x00000000b6250000, 0x00000000b6250000, 0x00000000b64d0000)
  to   space 2560K,   0% used [0x00000000b64d0000, 0x00000000b64d0000, 0x00000000b6750000)
 tenured generation   total 51904K, used 1066K [0x00000000cdea0000, 0x00000000d1150000, 0x0000000100000000)
   the space 51904K,   2% used [0x00000000cdea0000, 0x00000000cdfaaa78, 0x00000000cdfaac00, 0x00000000d1150000)
 Metaspace       used 5301K, committed 5440K, reserved 1114112K
  class space    used 591K, committed 640K, reserved 1048576K
}
Event: 0,595 GC heap after
{Heap after GC invocations=1 (full 0):
 def new generation   total 23360K, used 2168K [0x00000000b4e00000, 0x00000000b6750000, 0x00000000cdea0000)
  eden space 20800K,   0% used [0x00000000b4e00000, 0x00000000b4e00000, 0x00000000b6250000)
  from space 2560K,  84% used [0x00000000b64d0000, 0x00000000b66ee130, 0x00000000b6750000)
  to   space 2560K,   0% used [0x00000000b6250000, 0x00000000b6250000, 0x00000000b64d0000)
 tenured generation   total 51904K, used 3670K [0x00000000cdea0000, 0x00000000d1150000, 0x0000000100000000)
   the space 51904K,   7% used [0x00000000cdea0000, 0x00000000ce235bb0, 0x00000000ce235c00, 0x00000000d1150000)
 Metaspace       used 5301K, committed 5440K, reserved 1114112K
  class space    used 591K, committed 640K, reserved 1048576K
}
Event: 1,450 GC heap before
{Heap before GC invocations=1 (full 0):
 def new generation   total 23360K, used 22968K [0x00000000b4e00000, 0x00000000b6750000, 0x00000000cdea0000)
  eden space 20800K, 100% used [0x00000000b4e00000, 0x00000000b6250000, 0x00000000b6250000)
  from space 2560K,  84% used [0x00000000b64d0000, 0x00000000b66ee130, 0x00000000b6750000)
  to   space 2560K,   0% used [0x00000000b6250000, 0x00000000b6250000, 0x00000000b64d0000)
 tenured generation   total 51904K, used 3670K [0x00000000cdea0000, 0x00000000d1150000, 0x0000000100000000)
   the space 51904K,   7% used [0x00000000cdea0000, 0x00000000ce235bb0, 0x00000000ce235c00, 0x00000000d1150000)
 Metaspace       used 11822K, committed 12096K, reserved 1114112K
  class space    used 1475K, committed 1600K, reserved 1048576K
}
Event: 1,458 GC heap after
{Heap after GC invocations=2 (full 0):
 def new generation   total 23360K, used 2342K [0x00000000b4e00000, 0x00000000b6750000, 0x00000000cdea0000)
  eden space 20800K,   0% used [0x00000000b4e00000, 0x00000000b4e00000, 0x00000000b6250000)
  from space 2560K,  91% used [0x00000000b6250000, 0x00000000b6499920, 0x00000000b64d0000)
  to   space 2560K,   0% used [0x00000000b64d0000, 0x00000000b64d0000, 0x00000000b6750000)
 tenured generation   total 51904K, used 5790K [0x00000000cdea0000, 0x00000000d1150000, 0x0000000100000000)
   the space 51904K,  11% used [0x00000000cdea0000, 0x00000000ce447a18, 0x00000000ce447c00, 0x00000000d1150000)
 Metaspace       used 11822K, committed 12096K, reserved 1114112K
  class space    used 1475K, committed 1600K, reserved 1048576K
}

Dll operation events (6 events):
Event: 0,001 Loaded shared library /home/user/.vscode/extensions/sonarsource.sonarlint-vscode-4.40.0-linux-x64/jre/21.0.9-linux-x86_64.tar/lib/libjava.so
Event: 0,027 Loaded shared library /home/user/.vscode/extensions/sonarsource.sonarlint-vscode-4.40.0-linux-x64/jre/21.0.9-linux-x86_64.tar/lib/libnio.so
Event: 0,072 Loaded shared library /home/user/.vscode/extensions/sonarsource.sonarlint-vscode-4.40.0-linux-x64/jre/21.0.9-linux-x86_64.tar/lib/libzip.so
Event: 0,088 Loaded shared library /home/user/.vscode/extensions/sonarsource.sonarlint-vscode-4.40.0-linux-x64/jre/21.0.9-linux-x86_64.tar/lib/libzip.so
Event: 0,090 Loaded shared library /home/user/.vscode/extensions/sonarsource.sonarlint-vscode-4.40.0-linux-x64/jre/21.0.9-linux-x86_64.tar/lib/libverify.so
Event: 0,133 Loaded shared library /home/user/.vscode/extensions/sonarsource.sonarlint-vscode-4.40.0-linux-x64/jre/21.0.9-linux-x86_64.tar/lib/libjimage.so

Deoptimization events (20 events):
Event: 1,627 Thread 0x00007f1a54002510 Uncommon trap: trap_request=0xffffffc6 fr.pc=0x00007f1ab19248ac relative=0x0000000000000a2c
Event: 1,627 Thread 0x00007f1a54002510 Uncommon trap: reason=bimorphic_or_optimized_type_check action=maybe_recompile pc=0x00007f1ab19248ac method=java.util.HashMap.putVal(ILjava/lang/Object;Ljava/lang/Object;ZZ)Ljava/lang/Object; @ 56 c2
Event: 1,627 Thread 0x00007f1a54002510 DEOPT PACKING pc=0x00007f1ab19248ac sp=0x00007f1ac12ed0f0
Event: 1,627 Thread 0x00007f1a54002510 DEOPT UNPACKING pc=0x00007f1ab138b399 sp=0x00007f1ac12ed068 mode 2
Event: 1,627 Thread 0x00007f1a54002510 Uncommon trap: trap_request=0xffffffc6 fr.pc=0x00007f1ab19248ac relative=0x0000000000000a2c
Event: 1,627 Thread 0x00007f1a54002510 Uncommon trap: reason=bimorphic_or_optimized_type_check action=maybe_recompile pc=0x00007f1ab19248ac method=java.util.HashMap.putVal(ILjava/lang/Object;Ljava/lang/Object;ZZ)Ljava/lang/Object; @ 56 c2
Event: 1,627 Thread 0x00007f1a54002510 DEOPT PACKING pc=0x00007f1ab19248ac sp=0x00007f1ac12ed0f0
Event: 1,627 Thread 0x00007f1a54002510 DEOPT UNPACKING pc=0x00007f1ab138b399 sp=0x00007f1ac12ed068 mode 2
Event: 1,627 Thread 0x00007f1a54002510 Uncommon trap: trap_request=0xffffffc6 fr.pc=0x00007f1ab19248ac relative=0x0000000000000a2c
Event: 1,627 Thread 0x00007f1a54002510 Uncommon trap: reason=bimorphic_or_optimized_type_check action=maybe_recompile pc=0x00007f1ab19248ac method=java.util.HashMap.putVal(ILjava/lang/Object;Ljava/lang/Object;ZZ)Ljava/lang/Object; @ 56 c2
Event: 1,627 Thread 0x00007f1a54002510 DEOPT PACKING pc=0x00007f1ab19248ac sp=0x00007f1ac12ed0f0
Event: 1,627 Thread 0x00007f1a54002510 DEOPT UNPACKING pc=0x00007f1ab138b399 sp=0x00007f1ac12ed068 mode 2
Event: 1,628 Thread 0x00007f1a54002510 Uncommon trap: trap_request=0xffffffc6 fr.pc=0x00007f1ab19248ac relative=0x0000000000000a2c
Event: 1,628 Thread 0x00007f1a54002510 Uncommon trap: reason=bimorphic_or_optimized_type_check action=maybe_recompile pc=0x00007f1ab19248ac method=java.util.HashMap.putVal(ILjava/lang/Object;Ljava/lang/Object;ZZ)Ljava/lang/Object; @ 56 c2
Event: 1,628 Thread 0x00007f1a54002510 DEOPT PACKING pc=0x00007f1ab19248ac sp=0x00007f1ac12ed0f0
Event: 1,628 Thread 0x00007f1a54002510 DEOPT UNPACKING pc=0x00007f1ab138b399 sp=0x00007f1ac12ed068 mode 2
Event: 1,665 Thread 0x00007f1a54002510 Uncommon trap: trap_request=0xffffff45 fr.pc=0x00007f1ab191c0a8 relative=0x0000000000000b48
Event: 1,665 Thread 0x00007f1a54002510 Uncommon trap: reason=unstable_if action=reinterpret pc=0x00007f1ab191c0a8 method=java.util.concurrent.ConcurrentHashMap.putVal(Ljava/lang/Object;Ljava/lang/Object;Z)Ljava/lang/Object; @ 231 c2
Event: 1,665 Thread 0x00007f1a54002510 DEOPT PACKING pc=0x00007f1ab191c0a8 sp=0x00007f1ac12ecfa0
Event: 1,665 Thread 0x00007f1a54002510 DEOPT UNPACKING pc=0x00007f1ab138b399 sp=0x00007f1ac12ecf00 mode 2

Classes loaded (20 events):
Event: 1,712 Loading class java/util/stream/SortedOps
Event: 1,712 Loading class java/util/stream/SortedOps done
Event: 1,712 Loading class java/util/stream/SortedOps$OfRef
Event: 1,712 Loading class java/util/stream/SortedOps$OfRef done
Event: 1,713 Loading class java/util/stream/SortedOps$RefSortingSink
Event: 1,713 Loading class java/util/stream/SortedOps$AbstractRefSortingSink
Event: 1,713 Loading class java/util/stream/SortedOps$AbstractRefSortingSink done
Event: 1,713 Loading class java/util/stream/SortedOps$RefSortingSink done
Event: 1,734 Loading class java/security/cert/X509Certificate
Event: 1,734 Loading class java/security/cert/X509Extension
Event: 1,734 Loading class java/security/cert/X509Extension done
Event: 1,734 Loading class java/security/cert/X509Certificate done
Event: 1,736 Loading class java/lang/FunctionalInterface
Event: 1,736 Loading class java/lang/FunctionalInterface done
Event: 1,738 Loading class java/net/SocketAddress
Event: 1,738 Loading class java/net/SocketAddress done
Event: 1,738 Loading class java/net/InetSocketAddress
Event: 1,738 Loading class java/net/InetSocketAddress done
Event: 1,739 Loading class java/net/Proxy
Event: 1,739 Loading class java/net/Proxy done

Classes unloaded (0 events):
No events

Classes redefined (0 events):
No events

Internal exceptions (20 events):
Event: 0,812 Thread 0x00007f1abc02c160 Exception <a 'java/lang/NoSuchMethodError'{0x00000000b520c680}: 'java.lang.Object java.lang.invoke.DirectMethodHandle$Holder.invokeStaticInit(java.lang.Object, java.lang.Object, java.lang.Object)'> (0x00000000b520c680) 
thrown [src/hotspot/share/interpreter/linkResolver.cpp, line 772]
Event: 1,201 Thread 0x00007f1abc3c7200 Exception <a 'java/lang/NoSuchMethodError'{0x00000000b5baaf40}: 'int java.lang.invoke.DirectMethodHandle$Holder.invokeVirtual(java.lang.Object, java.lang.Object)'> (0x00000000b5baaf40) 
thrown [src/hotspot/share/interpreter/linkResolver.cpp, line 772]
Event: 1,204 Thread 0x00007f1abc3c7200 Exception <a 'java/lang/NoSuchMethodError'{0x00000000b5bc08b0}: 'java.lang.Object java.lang.invoke.DirectMethodHandle$Holder.newInvokeSpecial(java.lang.Object, java.lang.Object, java.lang.Object, int, int)'> (0x00000000b5bc08b0) 
thrown [src/hotspot/share/interpreter/linkResolver.cpp, line 772]
Event: 1,297 Thread 0x00007f1abc3c7200 Exception <a 'java/lang/NoSuchMethodError'{0x00000000b5ddbf90}: 'java.lang.Object java.lang.invoke.DirectMethodHandle$Holder.invokeInterface(java.lang.Object, java.lang.Object, java.lang.Object)'> (0x00000000b5ddbf90) 
thrown [src/hotspot/share/interpreter/linkResolver.cpp, line 772]
Event: 1,314 Thread 0x00007f1a442af810 Exception <a 'java/lang/NoSuchMethodError'{0x00000000b5e1b0d8}: method resolution failed> (0x00000000b5e1b0d8) 
thrown [src/hotspot/share/prims/methodHandles.cpp, line 1136]
Event: 1,315 Thread 0x00007f1a442af810 Exception <a 'java/lang/NoSuchMethodError'{0x00000000b5e1fa18}: 'java.lang.Object java.lang.invoke.DirectMethodHandle$Holder.invokeStatic(java.lang.Object, java.lang.Object, int)'> (0x00000000b5e1fa18) 
thrown [src/hotspot/share/interpreter/linkResolver.cpp, line 772]
Event: 1,316 Thread 0x00007f1a442af810 Exception <a 'java/lang/NoSuchMethodError'{0x00000000b5e23ab0}: 'void java.lang.invoke.DirectMethodHandle$Holder.invokeStatic(java.lang.Object, java.lang.Object, int, java.lang.Object)'> (0x00000000b5e23ab0) 
thrown [src/hotspot/share/interpreter/linkResolver.cpp, line 772]
Event: 1,316 Thread 0x00007f1a442af810 Exception <a 'java/lang/NoSuchMethodError'{0x00000000b5e2acc0}: 'void java.lang.invoke.DelegatingMethodHandle$Holder.delegate(java.lang.Object, java.lang.Object, int, java.lang.Object)'> (0x00000000b5e2acc0) 
thrown [src/hotspot/share/interpreter/linkResolver.cpp, line 772]
Event: 1,318 Thread 0x00007f1a442af810 Implicit null exception at 0x00007f1ab192deeb to 0x00007f1ab192e238
Event: 1,321 Thread 0x00007f1a442af810 Exception <a 'java/lang/NoSuchMethodError'{0x00000000b5e49ae0}: 'int java.lang.invoke.DirectMethodHandle$Holder.invokeSpecial(java.lang.Object, java.lang.Object, java.lang.Object, int)'> (0x00000000b5e49ae0) 
thrown [src/hotspot/share/interpreter/linkResolver.cpp, line 772]
Event: 1,322 Thread 0x00007f1a442af810 Exception <a 'java/lang/NoSuchMethodError'{0x00000000b5e5bae0}: 'java.lang.Object java.lang.invoke.DirectMethodHandle$Holder.invokeStatic(java.lang.Object, java.lang.Object, java.lang.Object, java.lang.Object, int)'> (0x00000000b5e5bae0) 
thrown [src/hotspot/share/interpreter/linkResolver.cpp, line 772]
Event: 1,323 Thread 0x00007f1a442af810 Exception <a 'java/lang/NoSuchMethodError'{0x00000000b5e68140}: 'java.lang.Object java.lang.invoke.DelegatingMethodHandle$Holder.reinvoke_L(java.lang.Object, int, java.lang.Object, int, java.lang.Object, java.lang.Object, java.lang.Object, java.lang.Object, java.lang.Object, int, java.lang.Object, java.lang.Object, java.lang.Object, java.lang.Object, java.lang.Object, int, java.lang.Object, java.lang.Object)'> (0x00000000b5e68140) 
thrown [src/hotspot/share/interpreter/linkResolver.cpp, line 772]
Event: 1,431 Thread 0x00007f1a54002510 Exception <a 'java/lang/NoSuchMethodError'{0x00000000b60aec08}: 'int java.lang.invoke.DirectMethodHandle$Holder.invokeStaticInit(java.lang.Object, java.lang.Object)'> (0x00000000b60aec08) 
thrown [src/hotspot/share/interpreter/linkResolver.cpp, line 772]
Event: 1,578 Thread 0x00007f1a54002510 Exception <a 'java/lang/NoSuchMethodError'{0x00000000b54606e8}: 'int java.lang.invoke.DirectMethodHandle$Holder.invokeStaticInit(java.lang.Object, java.lang.Object, java.lang.Object)'> (0x00000000b54606e8) 
thrown [src/hotspot/share/interpreter/linkResolver.cpp, line 772]
Event: 1,626 Thread 0x00007f1a54002510 Exception <a 'java/lang/NoSuchMethodError'{0x00000000b55a09b0}: 'int java.lang.invoke.DirectMethodHandle$Holder.invokeInterface(java.lang.Object, java.lang.Object)'> (0x00000000b55a09b0) 
thrown [src/hotspot/share/interpreter/linkResolver.cpp, line 772]
Event: 1,659 Thread 0x00007f1a54002510 Exception <a 'java/lang/NoSuchMethodError'{0x00000000b5681ee8}: 'int java.lang.invoke.DirectMethodHandle$Holder.invokeSpecial(java.lang.Object, java.lang.Object, java.lang.Object, java.lang.Object)'> (0x00000000b5681ee8) 
thrown [src/hotspot/share/interpreter/linkResolver.cpp, line 772]
Event: 1,712 Thread 0x00007f1a54002510 Exception <a 'java/lang/NoSuchMethodError'{0x00000000b57f36a0}: 'int java.lang.invoke.DirectMethodHandle$Holder.invokeStatic(java.lang.Object, java.lang.Object, java.lang.Object, java.lang.Object)'> (0x00000000b57f36a0) 
thrown [src/hotspot/share/interpreter/linkResolver.cpp, line 772]
Event: 1,712 Thread 0x00007f1a54002510 Exception <a 'java/lang/NoSuchMethodError'{0x00000000b57f6d70}: 'java.lang.Object java.lang.invoke.Invokers$Holder.invokeExact_MT(java.lang.Object, java.lang.Object, java.lang.Object, java.lang.Object, java.lang.Object, java.lang.Object)'> (0x00000000b57f6d70) 
thrown [src/hotspot/share/interpreter/linkResolver.cpp, line 772]
Event: 1,713 Thread 0x00007f1a54002510 Exception <a 'java/lang/NoSuchMethodError'{0x00000000b5806988}: 'void java.lang.invoke.DirectMethodHandle$Holder.invokeInterface(java.lang.Object, java.lang.Object, java.lang.Object)'> (0x00000000b5806988) 
thrown [src/hotspot/share/interpreter/linkResolver.cpp, line 772]
Event: 1,733 Thread 0x00007f1a54002510 Exception <a 'java/lang/NoSuchMethodError'{0x00000000b5849bf0}: 'void java.lang.invoke.DirectMethodHandle$Holder.invokeSpecial(java.lang.Object, java.lang.Object, java.lang.Object, java.lang.Object, java.lang.Object)'> (0x00000000b5849bf0) 
thrown [src/hotspot/share/interpreter/linkResolver.cpp, line 772]

ZGC Phase Switch (0 events):
No events

VM Operations (20 events):
Event: 1,369 Executing VM operation: HandshakeAllThreads (Deoptimize)
Event: 1,374 Executing VM operation: HandshakeAllThreads (Deoptimize) done
Event: 1,385 Executing VM operation: ICBufferFull
Event: 1,385 Executing VM operation: ICBufferFull done
Event: 1,449 Executing VM operation: GenCollectForAllocation (Allocation Failure)
Event: 1,458 Executing VM operation: GenCollectForAllocation (Allocation Failure) done
Event: 1,618 Executing VM operation: HandshakeAllThreads (Deoptimize)
Event: 1,618 Executing VM operation: HandshakeAllThreads (Deoptimize) done
Event: 1,622 Executing VM operation: HandshakeAllThreads (Deoptimize)
Event: 1,622 Executing VM operation: HandshakeAllThreads (Deoptimize) done
Event: 1,623 Executing VM operation: HandshakeAllThreads (Deoptimize)
Event: 1,623 Executing VM operation: HandshakeAllThreads (Deoptimize) done
Event: 1,624 Executing VM operation: HandshakeAllThreads (Deoptimize)
Event: 1,624 Executing VM operation: HandshakeAllThreads (Deoptimize) done
Event: 1,679 Executing VM operation: HandshakeAllThreads (Deoptimize)
Event: 1,679 Executing VM operation: HandshakeAllThreads (Deoptimize) done
Event: 1,695 Executing VM operation: HandshakeAllThreads (Deoptimize)
Event: 1,696 Executing VM operation: HandshakeAllThreads (Deoptimize) done
Event: 1,735 Executing VM operation: HandshakeAllThreads (Deoptimize)
Event: 1,735 Executing VM operation: HandshakeAllThreads (Deoptimize) done

Memory protections (19 events):
Event: 0,001 Protecting memory [0x00007f1ac3010000,0x00007f1ac3014000] with protection modes 0
Event: 0,019 Protecting memory [0x00007f1ac2300000,0x00007f1ac2304000] with protection modes 0
Event: 0,019 Protecting memory [0x00007f1ac21ff000,0x00007f1ac2203000] with protection modes 0
Event: 0,019 Protecting memory [0x00007f1ac20fe000,0x00007f1ac2102000] with protection modes 0
Event: 0,020 Protecting memory [0x00007f1ac1ffd000,0x00007f1ac2001000] with protection modes 0
Event: 0,020 Protecting memory [0x00007f1ac1efc000,0x00007f1ac1f00000] with protection modes 0
Event: 0,020 Protecting memory [0x00007f1ac1dfb000,0x00007f1ac1dff000] with protection modes 0
Event: 0,023 Protecting memory [0x00007f1ac1cfa000,0x00007f1ac1cfe000] with protection modes 0
Event: 0,026 Protecting memory [0x00007f1ac1bf9000,0x00007f1ac1bfd000] with protection modes 0
Event: 0,026 Protecting memory [0x00007f1ac1af8000,0x00007f1ac1afc000] with protection modes 0
Event: 1,035 Protecting memory [0x00007f1ac19f7000,0x00007f1ac19fb000] with protection modes 0
Event: 1,076 Protecting memory [0x00007f1ac18f6000,0x00007f1ac18fa000] with protection modes 0
Event: 1,084 Protecting memory [0x00007f1ac17f5000,0x00007f1ac17f9000] with protection modes 0
Event: 1,107 Protecting memory [0x00007f1ac16f4000,0x00007f1ac16f8000] with protection modes 0
Event: 1,177 Protecting memory [0x00007f1ac15f3000,0x00007f1ac15f7000] with protection modes 0
Event: 1,179 Protecting memory [0x00007f1ac14f2000,0x00007f1ac14f6000] with protection modes 0
Event: 1,197 Protecting memory [0x00007f1ac13f1000,0x00007f1ac13f5000] with protection modes 0
Event: 1,301 Protecting memory [0x00007f1ac12f0000,0x00007f1ac12f4000] with protection modes 0
Event: 1,414 Protecting memory [0x00007f1ac11ef000,0x00007f1ac11f3000] with protection modes 0

Nmethod flushes (0 events):
No events

Events (19 events):
Event: 0,014 Thread 0x00007f1abc02c160 Thread added: 0x00007f1abc02c160
Event: 0,019 Thread 0x00007f1abc02c160 Thread added: 0x00007f1abc074110
Event: 0,019 Thread 0x00007f1abc02c160 Thread added: 0x00007f1abc075640
Event: 0,019 Thread 0x00007f1abc02c160 Thread added: 0x00007f1abc076d90
Event: 0,020 Thread 0x00007f1abc02c160 Thread added: 0x00007f1abc078390
Event: 0,020 Thread 0x00007f1abc02c160 Thread added: 0x00007f1abc0798f0
Event: 0,020 Thread 0x00007f1abc02c160 Thread added: 0x00007f1abc07b3f0
Event: 0,023 Thread 0x00007f1abc02c160 Thread added: 0x00007f1abc07ca70
Event: 0,025 Thread 0x00007f1abc02c160 Thread added: 0x00007f1abc0884e0
Event: 0,026 Thread 0x00007f1abc02c160 Thread added: 0x00007f1abc08aba0
Event: 1,034 Thread 0x00007f1abc02c160 Thread added: 0x00007f1abc35f1b0
Event: 1,076 Thread 0x00007f1abc02c160 Thread added: 0x00007f1abc32c090
Event: 1,083 Thread 0x00007f1abc02c160 Thread added: 0x00007f1abc393940
Event: 1,106 Thread 0x00007f1abc02c160 Thread added: 0x00007f1abc398000
Event: 1,177 Thread 0x00007f1abc02c160 Thread added: 0x00007f1abc3a1b70
Event: 1,178 Thread 0x00007f1abc02c160 Thread added: 0x00007f1abc39f910
Event: 1,197 Thread 0x00007f1abc02c160 Thread added: 0x00007f1abc3c7200
Event: 1,301 Thread 0x00007f1abc3c7200 Thread added: 0x00007f1a442af810
Event: 1,414 Thread 0x00007f1abc32c090 Thread added: 0x00007f1a54002510


Dynamic libraries:
b4e00000-b6750000 rw-p 00000000 00:00 0 
b6750000-cdea0000 ---p 00000000 00:00 0 
cdea0000-d1150000 rw-p 00000000 00:00 0 
d1150000-100000000 ---p 00000000 00:00 0 
562aa2119000-562aa211a000 r-xp 00000000 08:01 694834                     /home/user/.vscode/extensions/sonarsource.sonarlint-vscode-4.40.0-linux-x64/jre/21.0.9-linux-x86_64.tar/bin/java
562aa211b000-562aa211c000 r--p 00001000 08:01 694834                     /home/user/.vscode/extensions/sonarsource.sonarlint-vscode-4.40.0-linux-x64/jre/21.0.9-linux-x86_64.tar/bin/java
562aa211c000-562aa211d000 rw-p 00002000 08:01 694834                     /home/user/.vscode/extensions/sonarsource.sonarlint-vscode-4.40.0-linux-x64/jre/21.0.9-linux-x86_64.tar/bin/java
562ad8ddf000-562ad9e47000 rw-p 00000000 00:00 0                          [heap]
7f1a44000000-7f1a443b3000 rw-p 00000000 00:00 0 
7f1a443b3000-7f1a48000000 ---p 00000000 00:00 0 
7f1a4c000000-7f1a4c25f000 rw-p 00000000 00:00 0 
7f1a4c25f000-7f1a50000000 ---p 00000000 00:00 0 
7f1a50000000-7f1a50036000 rw-p 00000000 00:00 0 
7f1a50036000-7f1a54000000 ---p 00000000 00:00 0 
7f1a54000000-7f1a54021000 rw-p 00000000 00:00 0 
7f1a54021000-7f1a58000000 ---p 00000000 00:00 0 
7f1a58000000-7f1a58021000 rw-p 00000000 00:00 0 
7f1a58021000-7f1a5c000000 ---p 00000000 00:00 0 
7f1a5c000000-7f1a5c400000 rw-p 00000000 00:00 0 
7f1a5c400000-7f1a5cca0000 rw-p 00000000 00:00 0 
7f1a5cca0000-7f1a60000000 ---p 00000000 00:00 0 
7f1a60000000-7f1a60021000 rw-p 00000000 00:00 0 
7f1a60021000-7f1a64000000 ---p 00000000 00:00 0 
7f1a64000000-7f1a64021000 rw-p 00000000 00:00 0 
7f1a64021000-7f1a68000000 ---p 00000000 00:00 0 
7f1a68000000-7f1a68bbe000 rw-p 00001000 08:01 695041                     /home/user/.vscode/extensions/sonarsource.sonarlint-vscode-4.40.0-linux-x64/jre/21.0.9-linux-x86_64.tar/lib/server/classes.jsa
7f1a68bbe000-7f1a69000000 ---p 00000000 00:00 0 
7f1a69000000-7f1a69040000 rw-p 00000000 00:00 0 
7f1a69040000-7f1a69080000 rw-p 00000000 00:00 0 
7f1a69080000-7f1a690e0000 rw-p 00000000 00:00 0 
7f1a690e0000-7f1a691e0000 rw-p 00000000 00:00 0 
7f1a691e0000-7f1aa9000000 ---p 00000000 00:00 0 
7f1aa9e00000-7f1aaa120000 rwxp 00000000 00:00 0 
7f1aaa120000-7f1ab1338000 ---p 00000000 00:00 0 
7f1ab1338000-7f1ab15a8000 rwxp 00000000 00:00 0 
7f1ab15a8000-7f1ab18c7000 ---p 00000000 00:00 0 
7f1ab18c7000-7f1ab1b37000 rwxp 00000000 00:00 0 
7f1ab1b37000-7f1ab8e00000 ---p 00000000 00:00 0 
7f1ab8e00000-7f1abbfd6000 r--s 00000000 08:01 694755                     /home/user/.vscode/extensions/sonarsource.sonarlint-vscode-4.40.0-linux-x64/jre/21.0.9-linux-x86_64.tar/lib/modules
7f1abc000000-7f1abc3e2000 rw-p 00000000 00:00 0 
7f1abc3e2000-7f1ac0000000 ---p 00000000 00:00 0 
7f1ac0f07000-7f1ac11ee000 rw-p 00000000 00:00 0 
7f1ac11ee000-7f1ac11ef000 ---p 00000000 00:00 0 
7f1ac11ef000-7f1ac11f3000 ---p 00000000 00:00 0 
7f1ac11f3000-7f1ac12ef000 rw-p 00000000 00:00 0 
7f1ac12ef000-7f1ac12f0000 ---p 00000000 00:00 0 
7f1ac12f0000-7f1ac12f4000 ---p 00000000 00:00 0 
7f1ac12f4000-7f1ac13f0000 rw-p 00000000 00:00 0 
7f1ac13f0000-7f1ac13f1000 ---p 00000000 00:00 0 
7f1ac13f1000-7f1ac13f5000 ---p 00000000 00:00 0 
7f1ac13f5000-7f1ac14f1000 rw-p 00000000 00:00 0 
7f1ac14f1000-7f1ac14f2000 ---p 00000000 00:00 0 
7f1ac14f2000-7f1ac14f6000 ---p 00000000 00:00 0 
7f1ac14f6000-7f1ac15f2000 rw-p 00000000 00:00 0 
7f1ac15f2000-7f1ac15f3000 ---p 00000000 00:00 0 
7f1ac15f3000-7f1ac15f7000 ---p 00000000 00:00 0 
7f1ac15f7000-7f1ac16f3000 rw-p 00000000 00:00 0 
7f1ac16f3000-7f1ac16f4000 ---p 00000000 00:00 0 
7f1ac16f4000-7f1ac16f8000 ---p 00000000 00:00 0 
7f1ac16f8000-7f1ac17f4000 rw-p 00000000 00:00 0 
7f1ac17f4000-7f1ac17f5000 ---p 00000000 00:00 0 
7f1ac17f5000-7f1ac17f9000 ---p 00000000 00:00 0 
7f1ac17f9000-7f1ac18f5000 rw-p 00000000 00:00 0 
7f1ac18f5000-7f1ac18f6000 ---p 00000000 00:00 0 
7f1ac18f6000-7f1ac18fa000 ---p 00000000 00:00 0 
7f1ac18fa000-7f1ac19f6000 rw-p 00000000 00:00 0 
7f1ac19f6000-7f1ac19f7000 ---p 00000000 00:00 0 
7f1ac19f7000-7f1ac19fb000 ---p 00000000 00:00 0 
7f1ac19fb000-7f1ac1af7000 rw-p 00000000 00:00 0 
7f1ac1af7000-7f1ac1af8000 ---p 00000000 00:00 0 
7f1ac1af8000-7f1ac1afc000 ---p 00000000 00:00 0 
7f1ac1afc000-7f1ac1bf8000 rw-p 00000000 00:00 0 
7f1ac1bf8000-7f1ac1bf9000 ---p 00000000 00:00 0 
7f1ac1bf9000-7f1ac1bfd000 ---p 00000000 00:00 0 
7f1ac1bfd000-7f1ac1cf9000 rw-p 00000000 00:00 0 
7f1ac1cf9000-7f1ac1cfa000 ---p 00000000 00:00 0 
7f1ac1cfa000-7f1ac1cfe000 ---p 00000000 00:00 0 
7f1ac1cfe000-7f1ac1dfa000 rw-p 00000000 00:00 0 
7f1ac1dfa000-7f1ac1dfb000 ---p 00000000 00:00 0 
7f1ac1dfb000-7f1ac1dff000 ---p 00000000 00:00 0 
7f1ac1dff000-7f1ac1efb000 rw-p 00000000 00:00 0 
7f1ac1efb000-7f1ac1efc000 ---p 00000000 00:00 0 
7f1ac1efc000-7f1ac1f00000 ---p 00000000 00:00 0 
7f1ac1f00000-7f1ac1ffc000 rw-p 00000000 00:00 0 
7f1ac1ffc000-7f1ac1ffd000 ---p 00000000 00:00 0 
7f1ac1ffd000-7f1ac2001000 ---p 00000000 00:00 0 
7f1ac2001000-7f1ac20fd000 rw-p 00000000 00:00 0 
7f1ac20fd000-7f1ac20fe000 ---p 00000000 00:00 0 
7f1ac20fe000-7f1ac2102000 ---p 00000000 00:00 0 
7f1ac2102000-7f1ac21fe000 rw-p 00000000 00:00 0 
7f1ac21fe000-7f1ac21ff000 ---p 00000000 00:00 0 
7f1ac21ff000-7f1ac2203000 ---p 00000000 00:00 0 
7f1ac2203000-7f1ac22ff000 rw-p 00000000 00:00 0 
7f1ac22ff000-7f1ac2300000 ---p 00000000 00:00 0 
7f1ac2300000-7f1ac2304000 ---p 00000000 00:00 0 
7f1ac2304000-7f1ac2400000 rw-p 00000000 00:00 0 
7f1ac2400000-7f1ac26ec000 r--p 00000000 08:01 391990                     /usr/lib/locale/locale-archive
7f1ac272e000-7f1ac273b000 r-xp 00000000 08:01 694757                     /home/user/.vscode/extensions/sonarsource.sonarlint-vscode-4.40.0-linux-x64/jre/21.0.9-linux-x86_64.tar/lib/libverify.so
7f1ac273b000-7f1ac273d000 r--p 0000c000 08:01 694757                     /home/user/.vscode/extensions/sonarsource.sonarlint-vscode-4.40.0-linux-x64/jre/21.0.9-linux-x86_64.tar/lib/libverify.so
7f1ac273d000-7f1ac273e000 rw-p 0000e000 08:01 694757                     /home/user/.vscode/extensions/sonarsource.sonarlint-vscode-4.40.0-linux-x64/jre/21.0.9-linux-x86_64.tar/lib/libverify.so
7f1ac273e000-7f1ac2759000 r-xp 00000000 08:01 694756                     /home/user/.vscode/extensions/sonarsource.sonarlint-vscode-4.40.0-linux-x64/jre/21.0.9-linux-x86_64.tar/lib/libzip.so
7f1ac2759000-7f1ac275a000 r--p 0001a000 08:01 694756                     /home/user/.vscode/extensions/sonarsource.sonarlint-vscode-4.40.0-linux-x64/jre/21.0.9-linux-x86_64.tar/lib/libzip.so
7f1ac275a000-7f1ac275b000 rw-p 0001b000 08:01 694756                     /home/user/.vscode/extensions/sonarsource.sonarlint-vscode-4.40.0-linux-x64/jre/21.0.9-linux-x86_64.tar/lib/libzip.so
7f1ac275b000-7f1ac276f000 r-xp 00000000 08:01 694764                     /home/user/.vscode/extensions/sonarsource.sonarlint-vscode-4.40.0-linux-x64/jre/21.0.9-linux-x86_64.tar/lib/libnio.so
7f1ac276f000-7f1ac2770000 r--p 00013000 08:01 694764                     /home/user/.vscode/extensions/sonarsource.sonarlint-vscode-4.40.0-linux-x64/jre/21.0.9-linux-x86_64.tar/lib/libnio.so
7f1ac2770000-7f1ac2771000 rw-p 00014000 08:01 694764                     /home/user/.vscode/extensions/sonarsource.sonarlint-vscode-4.40.0-linux-x64/jre/21.0.9-linux-x86_64.tar/lib/libnio.so
7f1ac2771000-7f1ac2772000 ---p 00000000 00:00 0 
7f1ac2772000-7f1ac2872000 rw-p 00000000 00:00 0 
7f1ac2872000-7f1ac2873000 ---p 00000000 00:00 0 
7f1ac2873000-7f1ac2973000 rw-p 00000000 00:00 0 
7f1ac2973000-7f1ac2a69000 rw-p 00000000 00:00 0 
7f1ac2a69000-7f1ac2be0000 ---p 00000000 00:00 0 
7f1ac2be0000-7f1ac2bed000 rw-p 00000000 00:00 0 
7f1ac2bed000-7f1ac2ca8000 ---p 00000000 00:00 0 
7f1ac2ca8000-7f1ac2cc2000 rw-p 00000000 00:00 0 
7f1ac2cc2000-7f1ac2e3a000 ---p 00000000 00:00 0 
7f1ac2e3a000-7f1ac2e3f000 rw-p 00000000 00:00 0 
7f1ac2e3f000-7f1ac2f25000 ---p 00000000 00:00 0 
7f1ac2f25000-7f1ac2f2c000 rw-p 00000000 00:00 0 
7f1ac2f2c000-7f1ac3010000 ---p 00000000 00:00 0 
7f1ac3010000-7f1ac3014000 ---p 00000000 00:00 0 
7f1ac3014000-7f1ac3110000 rw-p 00000000 00:00 0 
7f1ac3110000-7f1ac3121000 r--p 00000000 08:01 394561                     /usr/lib/x86_64-linux-gnu/libm.so.6
7f1ac3121000-7f1ac319e000 r-xp 00011000 08:01 394561                     /usr/lib/x86_64-linux-gnu/libm.so.6
7f1ac319e000-7f1ac31fe000 r--p 0008e000 08:01 394561                     /usr/lib/x86_64-linux-gnu/libm.so.6
7f1ac31fe000-7f1ac31ff000 r--p 000ed000 08:01 394561                     /usr/lib/x86_64-linux-gnu/libm.so.6
7f1ac31ff000-7f1ac3200000 rw-p 000ee000 08:01 394561                     /usr/lib/x86_64-linux-gnu/libm.so.6
7f1ac3200000-7f1ac461d000 r-xp 00000000 08:01 695038                     /home/user/.vscode/extensions/sonarsource.sonarlint-vscode-4.40.0-linux-x64/jre/21.0.9-linux-x86_64.tar/lib/server/libjvm.so
7f1ac461d000-7f1ac46f2000 r--p 0141c000 08:01 695038                     /home/user/.vscode/extensions/sonarsource.sonarlint-vscode-4.40.0-linux-x64/jre/21.0.9-linux-x86_64.tar/lib/server/libjvm.so
7f1ac46f2000-7f1ac4722000 rw-p 014f1000 08:01 695038                     /home/user/.vscode/extensions/sonarsource.sonarlint-vscode-4.40.0-linux-x64/jre/21.0.9-linux-x86_64.tar/lib/server/libjvm.so
7f1ac4722000-7f1ac4788000 rw-p 00000000 00:00 0 
7f1ac4788000-7f1ac4794000 r-xp 00000000 08:01 694765                     /home/user/.vscode/extensions/sonarsource.sonarlint-vscode-4.40.0-linux-x64/jre/21.0.9-linux-x86_64.tar/lib/libnet.so
7f1ac4794000-7f1ac4795000 r--p 0000b000 08:01 694765                     /home/user/.vscode/extensions/sonarsource.sonarlint-vscode-4.40.0-linux-x64/jre/21.0.9-linux-x86_64.tar/lib/libnet.so
7f1ac4795000-7f1ac4796000 rw-p 0000c000 08:01 694765                     /home/user/.vscode/extensions/sonarsource.sonarlint-vscode-4.40.0-linux-x64/jre/21.0.9-linux-x86_64.tar/lib/libnet.so
7f1ac4796000-7f1ac47dc000 rw-p 00000000 00:00 0 
7f1ac47dc000-7f1ac47e3000 ---p 00000000 00:00 0 
7f1ac47e3000-7f1ac4803000 r-xp 00000000 08:01 694779                     /home/user/.vscode/extensions/sonarsource.sonarlint-vscode-4.40.0-linux-x64/jre/21.0.9-linux-x86_64.tar/lib/libjava.so
7f1ac4803000-7f1ac4804000 ---p 00020000 08:01 694779                     /home/user/.vscode/extensions/sonarsource.sonarlint-vscode-4.40.0-linux-x64/jre/21.0.9-linux-x86_64.tar/lib/libjava.so
7f1ac4804000-7f1ac4805000 r--p 00020000 08:01 694779                     /home/user/.vscode/extensions/sonarsource.sonarlint-vscode-4.40.0-linux-x64/jre/21.0.9-linux-x86_64.tar/lib/libjava.so
7f1ac4805000-7f1ac4806000 rw-p 00021000 08:01 694779                     /home/user/.vscode/extensions/sonarsource.sonarlint-vscode-4.40.0-linux-x64/jre/21.0.9-linux-x86_64.tar/lib/libjava.so
7f1ac4806000-7f1ac4807000 rw-p 00000000 00:00 0 
7f1ac4807000-7f1ac4822000 r-xp 00000000 08:01 694775                     /home/user/.vscode/extensions/sonarsource.sonarlint-vscode-4.40.0-linux-x64/jre/21.0.9-linux-x86_64.tar/lib/libjimage.so
7f1ac4822000-7f1ac4823000 ---p 0001b000 08:01 694775                     /home/user/.vscode/extensions/sonarsource.sonarlint-vscode-4.40.0-linux-x64/jre/21.0.9-linux-x86_64.tar/lib/libjimage.so
7f1ac4823000-7f1ac4825000 r--p 0001b000 08:01 694775                     /home/user/.vscode/extensions/sonarsource.sonarlint-vscode-4.40.0-linux-x64/jre/21.0.9-linux-x86_64.tar/lib/libjimage.so
7f1ac4825000-7f1ac4826000 rw-p 0001d000 08:01 694775                     /home/user/.vscode/extensions/sonarsource.sonarlint-vscode-4.40.0-linux-x64/jre/21.0.9-linux-x86_64.tar/lib/libjimage.so
7f1ac4826000-7f1ac4827000 r--p 00000000 08:01 394572                     /usr/lib/x86_64-linux-gnu/librt.so.1
7f1ac4827000-7f1ac4828000 r-xp 00001000 08:01 394572                     /usr/lib/x86_64-linux-gnu/librt.so.1
7f1ac4828000-7f1ac4829000 r--p 00002000 08:01 394572                     /usr/lib/x86_64-linux-gnu/librt.so.1
7f1ac4829000-7f1ac482a000 r--p 00002000 08:01 394572                     /usr/lib/x86_64-linux-gnu/librt.so.1
7f1ac482a000-7f1ac482b000 rw-p 00003000 08:01 394572                     /usr/lib/x86_64-linux-gnu/librt.so.1
7f1ac482b000-7f1ac482d000 rw-p 00000000 00:00 0 
7f1ac482d000-7f1ac4855000 r--p 00000000 08:01 394558                     /usr/lib/x86_64-linux-gnu/libc.so.6
7f1ac4855000-7f1ac49ba000 r-xp 00028000 08:01 394558                     /usr/lib/x86_64-linux-gnu/libc.so.6
7f1ac49ba000-7f1ac4a10000 r--p 0018d000 08:01 394558                     /usr/lib/x86_64-linux-gnu/libc.so.6
7f1ac4a10000-7f1ac4a14000 r--p 001e2000 08:01 394558                     /usr/lib/x86_64-linux-gnu/libc.so.6
7f1ac4a14000-7f1ac4a16000 rw-p 001e6000 08:01 394558                     /usr/lib/x86_64-linux-gnu/libc.so.6
7f1ac4a16000-7f1ac4a23000 rw-p 00000000 00:00 0 
7f1ac4a23000-7f1ac4a24000 r--p 00000000 08:01 394560                     /usr/lib/x86_64-linux-gnu/libdl.so.2
7f1ac4a24000-7f1ac4a25000 r-xp 00001000 08:01 394560                     /usr/lib/x86_64-linux-gnu/libdl.so.2
7f1ac4a25000-7f1ac4a26000 r--p 00002000 08:01 394560                     /usr/lib/x86_64-linux-gnu/libdl.so.2
7f1ac4a26000-7f1ac4a27000 r--p 00002000 08:01 394560                     /usr/lib/x86_64-linux-gnu/libdl.so.2
7f1ac4a27000-7f1ac4a28000 rw-p 00003000 08:01 394560                     /usr/lib/x86_64-linux-gnu/libdl.so.2
7f1ac4a28000-7f1ac4a29000 r--p 00000000 08:01 394570                     /usr/lib/x86_64-linux-gnu/libpthread.so.0
7f1ac4a29000-7f1ac4a2a000 r-xp 00001000 08:01 394570                     /usr/lib/x86_64-linux-gnu/libpthread.so.0
7f1ac4a2a000-7f1ac4a2b000 r--p 00002000 08:01 394570                     /usr/lib/x86_64-linux-gnu/libpthread.so.0
7f1ac4a2b000-7f1ac4a2c000 r--p 00002000 08:01 394570                     /usr/lib/x86_64-linux-gnu/libpthread.so.0
7f1ac4a2c000-7f1ac4a2d000 rw-p 00003000 08:01 394570                     /usr/lib/x86_64-linux-gnu/libpthread.so.0
7f1ac4a2d000-7f1ac4a34000 r--s 00000000 08:01 394545                     /usr/lib/x86_64-linux-gnu/gconv/gconv-modules.cache
7f1ac4a34000-7f1ac4a3c000 rw-s 00000000 00:23 164                        /tmp/hsperfdata_user/3943
7f1ac4a3c000-7f1ac4a3d000 ---p 00000000 00:00 0 
7f1ac4a3d000-7f1ac4a3e000 r--p 00000000 00:00 0 
7f1ac4a3e000-7f1ac4a3f000 ---p 00000000 00:00 0 
7f1ac4a3f000-7f1ac4a58000 r-xp 00000000 08:01 694774                     /home/user/.vscode/extensions/sonarsource.sonarlint-vscode-4.40.0-linux-x64/jre/21.0.9-linux-x86_64.tar/lib/libjli.so
7f1ac4a58000-7f1ac4a59000 r--p 00018000 08:01 694774                     /home/user/.vscode/extensions/sonarsource.sonarlint-vscode-4.40.0-linux-x64/jre/21.0.9-linux-x86_64.tar/lib/libjli.so
7f1ac4a59000-7f1ac4a5a000 rw-p 00019000 08:01 694774                     /home/user/.vscode/extensions/sonarsource.sonarlint-vscode-4.40.0-linux-x64/jre/21.0.9-linux-x86_64.tar/lib/libjli.so
7f1ac4a5a000-7f1ac4a5c000 rw-p 00000000 00:00 0 
7f1ac4a5c000-7f1ac4a60000 r--p 00000000 00:00 0                          [vvar]
7f1ac4a60000-7f1ac4a62000 r-xp 00000000 00:00 0                          [vdso]
7f1ac4a62000-7f1ac4a63000 r--p 00000000 08:01 394553                     /usr/lib/x86_64-linux-gnu/ld-linux-x86-64.so.2
7f1ac4a63000-7f1ac4a8b000 r-xp 00001000 08:01 394553                     /usr/lib/x86_64-linux-gnu/ld-linux-x86-64.so.2
7f1ac4a8b000-7f1ac4a96000 r--p 00029000 08:01 394553                     /usr/lib/x86_64-linux-gnu/ld-linux-x86-64.so.2
7f1ac4a96000-7f1ac4a98000 r--p 00034000 08:01 394553                     /usr/lib/x86_64-linux-gnu/ld-linux-x86-64.so.2
7f1ac4a98000-7f1ac4a99000 rw-p 00036000 08:01 394553                     /usr/lib/x86_64-linux-gnu/ld-linux-x86-64.so.2
7f1ac4a99000-7f1ac4a9a000 rw-p 00000000 00:00 0 
7ffcf7c79000-7ffcf7c9b000 rw-p 00000000 00:00 0                          [stack]
Total number of mappings: 185

JVMTI agents: none


VM Arguments:
jvm_args: -Dsonarlint.monitoring.enabled=true 
java_command: /home/user/.vscode/extensions/sonarsource.sonarlint-vscode-4.40.0-linux-x64/server/sonarlint-ls.jar -stdio -analyzers /home/user/.vscode/extensions/sonarsource.sonarlint-vscode-4.40.0-linux-x64/analyzers/sonargo.jar /home/user/.vscode/extensions/sonarsource.sonarlint-vscode-4.40.0-linux-x64/analyzers/sonarjava.jar /home/user/.vscode/extensions/sonarsource.sonarlint-vscode-4.40.0-linux-x64/analyzers/sonarjavasymbolicexecution.jar /home/user/.vscode/extensions/sonarsource.sonarlint-vscode-4.40.0-linux-x64/analyzers/sonarjs.jar /home/user/.vscode/extensions/sonarsource.sonarlint-vscode-4.40.0-linux-x64/analyzers/sonarphp.jar /home/user/.vscode/extensions/sonarsource.sonarlint-vscode-4.40.0-linux-x64/analyzers/sonarpython.jar /home/user/.vscode/extensions/sonarsource.sonarlint-vscode-4.40.0-linux-x64/analyzers/sonarhtml.jar /home/user/.vscode/extensions/sonarsource.sonarlint-vscode-4.40.0-linux-x64/analyzers/sonarxml.jar /home/user/.vscode/extensions/sonarsource.sonarlint-vscode-4.40.0-linux-x64/analyzers/sonartext.jar /home/user/.vscode/extensions/sonarsource.sonarlint-vscode-4.40.0-linux-x64/analyzers/sonariac.jar /home/user/.vscode/extensions/sonarsource.sonarlint-vscode-4.40.0-linux-x64/analyzers/sonarlintomnisharp.jar /home/user/.vscode/extensions/sonarsource.sonarlint_ondemand-analyzers/sonar-cfamily-plugin/6.77.0.95488/sonarcfamily.jar
java_class_path (initial): /home/user/.vscode/extensions/sonarsource.sonarlint-vscode-4.40.0-linux-x64/server/sonarlint-ls.jar
Launcher Type: SUN_STANDARD

[Global flags]
     intx CICompilerCount                          = 2                                         {product} {ergonomic}
   size_t InitialHeapSize                          = 79691776                                  {product} {ergonomic}
   size_t MaxHeapSize                              = 1260388352                                {product} {ergonomic}
   size_t MaxNewSize                               = 420085760                                 {product} {ergonomic}
   size_t MinHeapDeltaBytes                        = 196608                                    {product} {ergonomic}
   size_t MinHeapSize                              = 8388608                                   {product} {ergonomic}
   size_t NewSize                                  = 26542080                                  {product} {ergonomic}
    uintx NonNMethodCodeHeapSize                   = 5826188                                {pd product} {ergonomic}
    uintx NonProfiledCodeHeapSize                  = 122916026                              {pd product} {ergonomic}
   size_t OldSize                                  = 53149696                                  {product} {ergonomic}
    uintx ProfiledCodeHeapSize                     = 122916026                              {pd product} {ergonomic}
    uintx ReservedCodeCacheSize                    = 251658240                              {pd product} {ergonomic}
     bool SegmentedCodeCache                       = true                                      {product} {ergonomic}
   size_t SoftMaxHeapSize                          = 1260388352                             {manageable} {ergonomic}
     bool UseCompressedOops                        = true                           {product lp64_product} {ergonomic}
     bool UseSerialGC                              = true                                      {product} {ergonomic}

Logging:
Log output configuration:
 #0: stdout all=warning uptime,level,tags foldmultilines=false
 #1: stderr all=off uptime,level,tags foldmultilines=false

Release file:
JAVA_VERSION="21.0.9"
MODULES="java.base java.compiler java.datatransfer java.xml java.prefs java.desktop java.instrument java.logging java.management java.security.sasl java.naming java.rmi java.management.rmi java.net.http java.scripting java.security.jgss java.transaction.xa java.sql java.sql.rowset java.xml.crypto java.se java.smartcardio jdk.accessibility jdk.internal.jvmstat jdk.attach jdk.charsets jdk.internal.opt jdk.zipfs jdk.compiler jdk.crypto.ec jdk.crypto.cryptoki jdk.dynalink jdk.internal.ed jdk.editpad jdk.hotspot.agent jdk.httpserver jdk.internal.le jdk.internal.vm.ci jdk.internal.vm.compiler jdk.internal.vm.compiler.management jdk.jartool jdk.javadoc jdk.jcmd jdk.management jdk.management.agent jdk.jconsole jdk.jdeps jdk.jdwp.agent jdk.jdi jdk.jfr jdk.jshell jdk.jsobject jdk.jstatd jdk.localedata jdk.management.jfr jdk.naming.dns jdk.naming.rmi jdk.net jdk.nio.mapmode jdk.random jdk.sctp jdk.security.auth jdk.security.jgss jdk.unsupported jdk.unsupported.desktop jdk.xml.dom"

Environment Variables:
PATH=/home/user/miniconda3/bin:/home/user/miniconda3/condabin:/usr/local/bin:/usr/bin:/bin:/usr/local/games:/usr/games
XDG_CACHE_HOME=/home/user/.cache
XDG_CONFIG_HOME=/home/user/.config
SHELL=/bin/bash
DISPLAY=:0.0
LANG=fr_FR.UTF-8
TERM=xterm-256color

Active Locale:
LC_ALL=fr_FR.UTF-8
LC_COLLATE=fr_FR.UTF-8
LC_CTYPE=fr_FR.UTF-8
LC_MESSAGES=fr_FR.UTF-8
LC_MONETARY=fr_FR.UTF-8
LC_NUMERIC=fr_FR.UTF-8
LC_TIME=fr_FR.UTF-8

Signal Handlers:
   SIGSEGV: crash_handler in libjvm.so, mask=11100100010111111101111111111110, flags=SA_RESTART|SA_SIGINFO, unblocked
    SIGBUS: crash_handler in libjvm.so, mask=11100100010111111101111111111110, flags=SA_RESTART|SA_SIGINFO, unblocked
    SIGFPE: crash_handler in libjvm.so, mask=11100100010111111101111111111110, flags=SA_RESTART|SA_SIGINFO, unblocked
   SIGPIPE: javaSignalHandler in libjvm.so, mask=11100100010111111101111111111110, flags=SA_RESTART|SA_SIGINFO, blocked
   SIGXFSZ: javaSignalHandler in libjvm.so, mask=11100100010111111101111111111110, flags=SA_RESTART|SA_SIGINFO, blocked
    SIGILL: crash_handler in libjvm.so, mask=11100100010111111101111111111110, flags=SA_RESTART|SA_SIGINFO, unblocked
   SIGUSR2: SR_handler in libjvm.so, mask=00000000000000000000000000000000, flags=SA_RESTART|SA_SIGINFO, blocked
    SIGHUP: UserHandler in libjvm.so, mask=11100100010111111101111111111110, flags=SA_RESTART|SA_SIGINFO, blocked
    SIGINT: UserHandler in libjvm.so, mask=11100100010111111101111111111110, flags=SA_RESTART|SA_SIGINFO, blocked
   SIGTERM: UserHandler in libjvm.so, mask=11100100010111111101111111111110, flags=SA_RESTART|SA_SIGINFO, blocked
   SIGQUIT: UserHandler in libjvm.so, mask=11100100010111111101111111111110, flags=SA_RESTART|SA_SIGINFO, blocked
   SIGTRAP: crash_handler in libjvm.so, mask=11100100010111111101111111111110, flags=SA_RESTART|SA_SIGINFO, unblocked


Periodic native trim disabled

---------------  S Y S T E M  ---------------

OS:
PRETTY_NAME="Debian GNU/Linux 13 (trixie)"
NAME="Debian GNU/Linux"
VERSION_ID="13"
VERSION="13 (trixie)"
VERSION_CODENAME=trixie
DEBIAN_VERSION_FULL=13.1
ID=debian
HOME_URL="https://www.debian.org/"
SUPPORT_URL="https://www.debian.org/support"
BUG_REPORT_URL="https://bugs.debian.org/"
uname: Linux 6.12.48+deb13-amd64 #1 SMP PREEMPT_DYNAMIC Debian 6.12.48-1 (2025-09-20) x86_64
OS uptime: 0 days 0:26 hours
libc: glibc 2.41 NPTL 2.41 
rlimit (soft/hard): STACK 8192k/infinity , CORE 0k/infinity , NPROC 18962/18962 , NOFILE 524288/524288 , AS infinity/infinity , CPU infinity/infinity , DATA infinity/infinity , FSIZE infinity/infinity , MEMLOCK 8192k/8192k
load average: 0,81 0,63 0,49

/proc/meminfo:
MemTotal:        4915364 kB
MemFree:         2344108 kB
MemAvailable:    3324976 kB
Buffers:           58320 kB
Cached:          1155104 kB
SwapCached:            0 kB
Active:          1902376 kB
Inactive:         443624 kB
Active(anon):    1181324 kB
Inactive(anon):        0 kB
Active(file):     721052 kB
Inactive(file):   443624 kB
Unevictable:         128 kB
Mlocked:             128 kB
SwapTotal:       1127420 kB
SwapFree:        1127420 kB
Zswap:                 0 kB
Zswapped:              0 kB
Dirty:               672 kB
Writeback:             0 kB
AnonPages:       1083840 kB
Mapped:           473524 kB
Shmem:             48924 kB
KReclaimable:      44904 kB
Slab:             100636 kB
SReclaimable:      44904 kB
SUnreclaim:        55732 kB
KernelStack:        8032 kB
PageTables:        18928 kB
SecPageTables:         0 kB
NFS_Unstable:          0 kB
Bounce:                0 kB
WritebackTmp:          0 kB
CommitLimit:     3585100 kB
Committed_AS:    7209156 kB
VmallocTotal:   34359738367 kB
VmallocUsed:       29544 kB
VmallocChunk:          0 kB
Percpu:              516 kB
HardwareCorrupted:     0 kB
AnonHugePages:    311296 kB
ShmemHugePages:        0 kB
ShmemPmdMapped:        0 kB
FileHugePages:         0 kB
FilePmdMapped:         0 kB
Unaccepted:            0 kB
HugePages_Total:       0
HugePages_Free:        0
HugePages_Rsvd:        0
HugePages_Surp:        0
Hugepagesize:       2048 kB
Hugetlb:               0 kB
DirectMap4k:      131008 kB
DirectMap2M:     4984832 kB

/sys/kernel/mm/transparent_hugepage/enabled: [always] madvise never
/sys/kernel/mm/transparent_hugepage/hpage_pmd_size: 2097152
/sys/kernel/mm/transparent_hugepage/defrag (defrag/compaction efforts parameter): always defer defer+madvise [madvise] never

Process Memory:
Virtual Size: 3260112K (peak: 3292444K)
Resident Set Size: 124012K (peak: 124012K) (anon: 95568K, file: 28412K, shmem: 32K)
Swapped out: 0K
C-Heap outstanding allocations: 30331K, retained: 1516K
glibc malloc tunables: (default)

/proc/sys/kernel/threads-max (system-wide limit on the number of threads): 37925
/proc/sys/vm/max_map_count (maximum number of memory map areas a process may have): 1048576
/proc/sys/vm/swappiness (control to define how aggressively the kernel swaps out anonymous memory): 60
/proc/sys/kernel/pid_max (system-wide limit on number of process identifiers): 4194304

container information not found.
KVM virtualization detected
Steal ticks since vm start: 0
Steal ticks percentage since vm start:  0,000

CPU: total 1 (initial active 1) (1 cores per cpu, 1 threads per core) family 6 model 140 stepping 1 microcode 0xffffffff, cx8, cmov, fxsr, mmx, 3dnowpref, sse, sse2, sse3, ssse3, sse4.1, sse4.2, popcnt, lzcnt, tsc, tscinvbit, avx, avx2, aes, clmul, bmi1, bmi2, adx, sha, fma, vzeroupper, clflush, clflushopt, hv, rdtscp, f16c
CPU Model and flags from /proc/cpuinfo:
model name	: 11th Gen Intel(R) Core(TM) i5-1135G7 @ 2.40GHz
flags		: fpu vme de pse tsc msr pae mce cx8 apic sep mtrr pge mca cmov pat pse36 clflush mmx fxsr sse sse2 ht syscall nx rdtscp lm constant_tsc rep_good nopl xtopology nonstop_tsc cpuid tsc_known_freq pni pclmulqdq ssse3 fma cx16 pcid sse4_1 sse4_2 movbe popcnt aes xsave avx f16c rdrand hypervisor lahf_lm abm 3dnowprefetch ibrs_enhanced fsgsbase bmi1 avx2 bmi2 invpcid rdseed adx clflushopt sha_ni arat md_clear flush_l1d arch_capabilities

Online cpus: 0
Offline cpus: 
BIOS frequency limitation: <Not Available>
Frequency switch latency (ns): <Not Available>
Available cpu frequencies: <Not Available>
Current governor: <Not Available>
Core performance/turbo boost: <Not Available>

Memory: 4k page, physical 4915364k(3324976k free), swap 1127420k(1127420k free)
Page Sizes: 4k

vm_info: OpenJDK 64-Bit Server VM (21.0.9+10-LTS) for linux-amd64 JRE (21.0.9+10-LTS), built on 2025-10-21T00:00:00Z by "admin" with gcc 11.3.0

END.
