=== Historique UPSSIBOT ===
Démarrage : 25/1/2026 13:20

[13:20:24] [INFO] Robot position reset to initial coordinates
[13:20:24] [INFO] homeMenu opening
[13:20:43] [INFO] User Text Input: avance de 200
[13:20:58] [INFO] User Text Input: 1
[13:21:07] [INFO] User Text Input: avance de 300
[13:21:26] [INFO] User Text Input: 3
[13:21:29] [INFO] Robot position reset to initial coordinates
[13:21:29] [INFO] Reinitialisation de la position du robot
[13:21:46] [INFO] User Text Input: avance de 100 et tourne a gauche puis avance 
[13:21:59] [INFO] User Text Input: avance 
[13:22:03] [INFO] User Text Input: 200
[13:22:15] [INFO] User Text Input: tourne a droite puis 100
[13:22:28] [INFO] User Text Input: avance de 20
[13:22:35] [INFO] User Text Input: tourne a droite 
[13:22:41] [INFO] User Text Input: avance de 200
[13:22:48] [INFO] User Text Input: recule de 100
[13:23:55] [INFO] User Text Input: tourne a gauche et avance tout droite de 500
[13:24:23] [INFO] User Text Input: avance a gauche et tourne 
[13:24:45] [INFO] User Text Input: avance de 300 puis tourne 
[13:24:57] [INFO] User Text Input: avance de 200 puis avance de 10 
[13:25:11] [INFO] User Text Input: avance de 200 puis trourne a gauche 
[13:25:23] [INFO] User Text Input: avance de 200 puis troune a gauche 
[13:25:54] [INFO] User Text Input: avance de 200 puis tourne a gauche 
[13:26:09] [INFO] User Text Input: recule de 500 puis tourne a droite 
[13:26:20] [INFO] User Text Input: avance de 500
[13:26:26] [INFO] User Text Input: recule de 600
[13:26:40] [INFO] User Text Input: recule de 20
